> no entries

> saved as snapshot 1

> ok

> no entries

> bye
