> ok

> ok

> 3

> 2

> 1

> 2

> ok

> 3

> a2 [-1 0]
a1 [0 2 3]

> ok

> 5

> -1

> 0

> 0

> nil

> 0

> bye
