> ok

> ok

> ok

> ok

> c [a]
b [a]
a [1 2 3]

> bye
