> ok

> ok

> saved as snapshot 1

> not permitted

> ok

> ok

> no entries

> ok

> b [a 2]
a [1]

> bye
