> ok

> ok

> ok

> ok

> d [4]
c [b]
b [a]
a [1]

> ok

> d [4 a b c]
c [b]
b [a]
a [1]

> nil

> a

> a, b

> a, b, c

> b, c, d

> c, d

> d

> nil

> bye
