> ok

> simple

> 2

> simple

> 3

> 1

> simple

> ok

> ok

> simple

> general

> a

> general

> 2

> general

> b

> simple

> ok

> a

> simple

> bye
