> ok

> ok

> not permitted

> not permitted

> not permitted

> b [a 2]
a [1]

> bye
