> ok

> -1

> 0

> 1

> ok

> 2

> ok

> -2

> -1

> 0

> 1

> 2

> index out of range

> a [-2 -1 0 1 2]

> bye
