> ok

> ok

> ok

> ok

> ok

> ok

> ok

> ok

> ok

> ok

> ok

> ok

> ok

> ok

> ok

> ok

> ok

> ok

> ok

> ok

> ok

> ok

> ok

> ok

> ok

> ok

> ok

> ok

> ok

> ok

> ok

> ok

> ok

> ok

> ok

> ok

> ok

> ok

> ok

> ok

> ok

> ok

> ok

> ok

> ok

> ok

> ok

> ok

> ok

> ok

> ok

> ok

> ok

> ok

> ok

> ok

> ok

> ok

> ok

> ok

> ok

> ok

> ok

> ok

> ok

> ok

> ok

> ok

> ok

> ok

> ok

> ok

> ok

> ok

> ok

> ok

> ok

> ok

> ok

> ok

> ok

> ok

> ok

> ok

> ok

> ok

> ok

> ok

> ok

> ok

> ok

> ok

> ok

> ok

> ok

> ok

> ok

> ok

> ok

> ok

> ok

> -976

> ok

> nil

> ok

> no such key

> 171

> -637

> 60

> 115

> 25

> ok

> -601

> ok

> ok

> 491

> no such key

> -302

> 479

> 10

> -790

> -637

> no such key

> -859

> no such key

> nil

> nil

> no such snapshot

> 967

> no such key

> ok

> [154 209 -154 -14 367 -699 286 421 188 1000 -602 -874 -836 -296 503 -196 -679 -912 971 -639 -906 -983 -413 520 506 -595 -41 957 814 397 129 -500 -729 -492 -483 539 -718 -313 -305 -316 -891 306 102 -955 851 -629 998 30 890 466 642 -240 -478 853 906 335 -992 340 -325 -8 -917 182 -375 472 -856 -700 262]

> 2

> ok

> ok

> -912

> ok

> no such key

> no such snapshot

> l

> ok

> -695

> ok

> no such key

> ok

> -737

> -885

> index out of range

> 37

> -206

> -788

> no such key

> 14

> no such snapshot

> ok

> 241

> ok

> nil

> no such key

> no such key

> no such key

> not permitted

> -440

> -637

> ok

> index out of range

> no such key

> 639

> 891

> no such key

> no such snapshot

> -450

> ok

> g, z

> 535

> ok

> no such key

> 664

> ok

> -235

> k
U
f
M
n
m
Q
O
w
y
A
X
t
q
l
v
D
Z
c
Y
H
z
K
N
p
T
d
u
h
j
R
J
g
V
E
o
a
B
r
b
e

> ok

> no such key

> ok

> -997

> 928

> index out of range

> no such key

> no such key

> no such key

> index out of range

> no such key

> 623

> index out of range

> 97

> k [-588 N 606 424 w 247 358 75 537 -535]
U [-809 735 -1 634 -149 -110 409 47 X -665 319 -450 j 357 y -635 -114 652]
f [-880 861 77 -428 -956 826 -427 419 255 156 675 -599 960 -799 963 -610 -400 -859 -327 450 88 971 -684 547 303 -318 814 809 -747 346 -853 14 48 -775 -512 945 399 -253 -338 43 -989 438 -588 -33 -924 283 682 304 182 -106 488 201 924]
M [-867 240 859 990 -303 -353 826 12 489 -860 99 774 45 -277 -75 -759 443]
n [-880 318 49 -586 964 -7 675 -356 719 423 449 474 -407 -397 -229 -906 -49 353 -527 -691 -310 762 -780 -823 -560 270 -791 560 -25 803 -804 -924 307 542 -582 -509 -885]
m [-81 -620 683 -935 593 -177 -220]
Q [656 185 -257 -294 87 888 45 709 532 251 -264 -851 -921 926 -776 210 -550 -533 828 760 250 -205 -68 -907 669 -945 -334 688 612 781 -465 431 -500 215 139 952 -293 -793 333 118 -929 -814 -570 -611 60 244 -101 -441 827]
O [875 -180 -808 51 447 829 -125 539 -897 -172 820 -540 546 -505 174 620 -798 -304 -822 -677 275]
w [964 -699 526 -674 576 73 -62 -650 217 619 -510 688 187 822 218 934 959 -850 111 -419 939 -304 260 674]
y [-626 -808 -14 917 368 898 -407 246 441 -656 -156 -130 -655 783 506 884 564 -469 843 355 797 414 219 -243 -437 392 -349 337 448 372 -735 -804 976 -701 -89 -16 -896 -822 -209]
A [-326 962 551]
X [g 741 -760 -342 479 z 290 312 -279 -795 19 864]
t [D -682 372 672 905 237 87 -544 981 j]
q [-841 -714 -342 336 769 653 212 429 -472 129 -897 -972 -465 -738 -169 588 825 -751 -507 -16 975 -608 -46 -716 367 -209]
l [-676 -534 V -807 h -563 -893 864]
v [687 858 -501 57 -134 -593 180 848 350 578 -703 179 -442 558 -627 116 -876 -843 255 -475 -645 638 -223 -927 123 364 -715 413 -954 414 -726 -620 785 259 46 846 -321 -224 -635 -210 597 693 53 126 769 -230 -570 476 -318 805 581 397 380 -6 198 560 268 -112 416 161 -337 -716 907 924 -981 860 -421 383 -914 -508 187 784 -76 662 352 -292 637]
D [-102 852 -99 854 -387 128 354 118 229 329 839 306 56 584 760 602 -915 -579 -328 -15 323 290 -736 408 855]
Z [-818 -470 -838 634 769 320 716 436 514 -965 272 818 739 48 850 -58 -926 37 -5 -388 -535 -804 -321 -448 -335 -731 291 -549 -369 486 996 830 43]
c [-29 -14 -671 461 -997 905 -88 -360 992 -691 524 431 501 -243 -205 548 -911 680 -530 -670 323 -439 -778 923 -700 -209]
Y [570 449 -682 -681 736 905 819 -152 160 -995 625 -861 -945 603 620 111 -252 -778 -841 561 -948 -387 -988 929 829 -568 -718 -667 -565 -417 -910 798 979 -688 106 -636 -495 -56 3 -503 362 -545 -150 -261 -301 115 -230 -836 -270 823 380 -653 695 -474 -512 -798 -507 -54 289 -7 647 -619 978 383 -77 -125 58 -640 818 96 637 919 -190 410 -556 -505 934 469 -835 -106 27 -245 -311 -27]
H [-48 943 498 995 546 126 89]
z [-1000 -987 -936 -898 -866 -852 -824 -802 -786 -778 -772 -769 -768 -754 -750 -725 -659 -638 -635 -610 -608 -560 -559 -542 -527 -520 -509 -483 -459 -458 -453 -442 -414 -408 -403 -398 -321 -319 -281 -262 -257 -218 -206 -201 -188 -173 -141 -127 -112 -92 -59 -28 40 62 65 143 167 218 237 254 334 351 360 366 367 396 402 406 438 566 584 621 631 657 678 682 715 724 728 730 746 828 850 880 887 907 911 963 968 978]
K [334 -384 606 84 -308 484 -31 545 740 -330 -744 -558 158 -477 216 -133 407 -967 -489 380 -145 689 -972 -368 -239 -647 837 -75 -333 -536 -218 82 -38]
N [570 685 271 -196 -542 819 -418 480 -437 -550 -705 -81 505 -605 39 498 494 368 123 -386 59 -988 69 413 559 704 553 -991 654 -958 -281 497 -84 530 -97 659 763 -929 -208 397 -516 -825 -368 273 618 -741 575 -253 -478 677 26 661 390 758 887 42 -607 -598 -154 289 918 308 -149 985 487 -863 -455 -965 -640 -204 187 85 608 -869 -596 590 -245 655]
p [639 687 708 -961 221 6 -971 -660 54 885 -734 227 737 -802 603 620 -289 -331 505 -466 31 70 855 826 224 -94 495 286 723 183 950 -632 -434 -492 990 -889 802 941 -131 250 -623 -265 -543 742 -210 632 -511 663 724 -301 746 447 -496 133 630 506 -208 -3 443 -250 -59 -976 -911 -709 -638 122 -569 357 -202 -337 157 223 -944 83 -982 901 653 -834 149 128 720 -575 -555 349 -372 483 -243 784 -826 172 967 551 -497 18 -957 -657 450]
T [243 708 -862 493 266 -374 -797 -194 684 465 239 -602 -110 702 -135 -971 -130 -518 -153 139 -282 -499 783 303 -125 539 665 -749 -820 -417 897 737 -58 958 273 102 -431 -649 959 151 -81 -895 71 148 -999 367 -278 -653 -227 -697]
d [912 -841 -29 -586 856 276 593 -165 412 373 -88 572 -488 -906 823 -282 957 -882 -332 34 -718 -6 -825 -376 109 445 284 298 189 -431 -334 -973 -122 -414 -253 -644 881 -664 -751 177 -299 795 335 -92 -777 363 161 256 754 -700 779]
u [214 717 73 -790 388]
h [-432 -900 -132 -19 -699 -659 433 107 -794 858 -70 183 430 489 341 914 436 -967 -784 676 215 -267 -946 -262 132 278 -748 608 585 846 -916 -328 -343 -38 141]
j [181 954 -151 -903 573 -158 144 -254 -79 206 -734 -907 -1000 -577 359 -547 97 -677 104 184 398 9 969 -94 -438 -502 561 792 -387 123 -377 8 281 -414 -636 -351 -921 -266 -348 91 -767 632 486 -896 -491 -227 -950 769 -847 711 -182 11 582 -225 269 218 -801 635 -343 357 -998 939 944 -885 -29 -714 385 7 420 305 -306 118 -983 -472 444 -946 -204 -372 -471 -973 837 722 496 473 -220]
R [52 708 -303 441 -691 -160 -734 -766 105 310 -61 994 338 -385 -676 -344 367 92 -956 -943 247 479 513 374 684 773 -502 412 -656 -52 -377 -133 -988 -632 -612 8 -193 -492 -620 -990 899 -846 -180 666 544 447 60 -230 -968 205 409 -3 501 273 -668 261 -21 794 873 674 -319 902 937 24 -87 212 456 131 -914 371 -469 -698 187 -372 -959 -118 41 -526 -75 662 -562 382 110 -106 312 -177 114 -856 -653 435]
J [K g -150 862 349 574 v 255 r -334 667 810 565 256 -193 l]
g [859 -515 -367 -961 -279 266 103 -979 -659 -724 -44 -537 592 -656 819 -583 -133 -518 -72 743 -713 986 -298 -347 -499 -786 -780 -568 -792 -729 968 -995 839 -140 739 -881 637 342 -629 41 550 -21 -719 335 -992 -524 -138 -998 21 254 -547 538 -513 -974]
V [-13 -441]
E [-522 535 736 -134 -418 556 -61 863 603 -183 -33 -557 -676 97 672 214 247 479 29 -799 -675 988 158 -460 200 -67 707 -305 -36 -198 -620 881 -991 -351 554 165 -357 -721 899 949 -767 148 362 127 693 -355 545 -950 446 -967 380 512 -250 -66 781 -738 -172 552 953 -474 998 427 -795 -578 948 -55 -280 794 472 944 141 -815 -124 -553 -494 239 -110 -874 402 -559 333 -472 279 516 96 -969 56 543 94 110 -16 275]
o [D 193 302 q 850 -500 -236 173 T 394 837 114 -849 -345]
a [924 -547 -648 736]
B [875 -346 51 -244 685 -601 339 423 -537 -110 -717 149 983 613 581 -972 -447 471 847 187 81 732 683 -68 -550 30 -562 833 -328 -687 -92 378 867 254 599 645 656]
r [-132 886 -522 295 -961 691 787 -196 745 716 928 -770 619 76 311 -61 226 -119 727 -605 43 90 214 -876 -692 29 -696 670 -298 33 -434 717 178 -239 704 997 -265 -351 654 757 502 964 900 1000 -997 -318 380 836 -410 -6 -926 -431 -341 399 -872 -451 -917 -323 842 944 141 -54 -73 -175 136 318 -80 -894 -398 -559 613 -908 766 720 58 -609 85 919 -973 803 705 395 837 772 -869 523 -670 -758 -220 -177]
b [859 530 -522 236 -199 326 246 511 -130 -611 128 478 -863 -650 16 401 -67 -160 847 612 180 -673 -910 625 393 -118 -24 38 610 -752 -743 -321 -495 -442 866 -357 -224 -364 296 -932 256 486 -84 159]
e [-640 -437 -977 -374 -469 -174]

> no such key

> index out of range

> ok

> -972

> no such key

> nil

> 52

> index out of range

> no such key

> ok

> no such key

> no such key

> -880

> ok

> not permitted

> not permitted

> no such key

> 4101

> no such key

> ok

> -786

> ok

> nil

> index out of range

> ok

> no such key

> no such key

> saved as snapshot 1

> G

> no such key

> ok

> -13

> -681

> index out of range

> no such key

> ok

> no such key

> saved as snapshot 2

> nil

> G [-662 -553 -597]
s [p -530 -877 -724 316 857 j -8 436 647 788 -675 Y]
k [-588 N 606 424 w 247 358 75 537 -535]
U [-809 735 -1 634 -149 -110 409 47 X -665 319 -450 j 357 y -635 -114 652]
f [861 77 -428 -956 826 -427 419 255 156 675 -599 960 -799 963 -610 -400 -859 -327 450 88 971 -684 547 303 -318 814 809 -747 346 -853 14 48 -775 -512 945 399 -253 -338 43 -989 438 -588 -33 -924 283 682 304 182 -106 488 201 924]
M [-867 240 859 990 -303 -353 826 12 489 -860 99 774 45 -277 -75 -759 443]
n [-880 318 49 -586 964 -7 675 -356 719 423 449 474 -407 -397 -229 -906 -49 353 -527 -691 -310 762 -780 -823 -560 270 -791 560 -25 803 -804 -924 307 542 -582 -509 -885]
m [-81 -620 683 -935 593 -177 -220]
Q [656 185 -257 -294 87 888 45 709 532 251 -264 -851 -921 926 -776 210 -550 -533 828 760 250 -205 -68 -907 669 -945 -334 688 612 781 -465 431 -500 215 139 952 -293 -793 333 118 -929 -814 -570 -611 60 244 -101 -441 827]
O [875 -180 -808 51 447 829 -125 539 -897 -172 820 -540 546 -505 174 620 -798 -304 -822 -677 275]
w [964 -699 526 -674 576 73 -62 -650 217 619 -510 688 187 822 218 934 959 -850 111 -419 939 -304 260 674]
y [-626 -808 -14 917 368 898 -407 246 441 -656 -156 -130 -655 783 506 884 564 -469 843 355 797 414 219 -243 -437 392 -349 337 448 372 -735 -804 976 -701 -89 -16 -896 -822 -209]
A [551 962 -326]
X [g 741 -760 -342 479 z 290 312 -279 -795 19 864]
t [D -682 372 672 905 237 87 -544 981 j]
q [-841 -714 -342 336 769 653 212 429 -472 129 -897 -972 -465 -738 -169 588 825 -751 -507 -16 975 -608 -46 -716 367 -209]
l [-676 -534 V -807 h -563 -893 864]
v [687 858 -501 57 -134 -593 180 848 350 578 -703 179 -442 558 -627 116 -876 -843 255 -475 -645 638 -223 -927 123 364 -715 413 -954 414 -726 -620 785 259 46 846 -321 -224 -635 -210 597 693 53 126 769 -230 -570 476 -318 805 581 397 380 -6 198 560 268 -112 416 161 -337 -716 907 924 -981 860 -421 383 -914 -508 187 784 -76 662 352 -292 637]
D [872 377 155 217 769]
Z [-818 -470 -838 634 769 320 716 436 514 -965 272 818 739 48 850 -58 -926 37 -5 -388 -535 -804 -321 -448 -335 -731 291 -549 -369 486 996 830 43]
c [-29 -14 -671 461 -997 905 -88 -360 992 -691 524 431 501 -243 -205 548 -911 680 -530 -670 323 -439 -778 923 -700 -209]
Y [570 449 -682 736 905 819 -152 160 -995 625 -861 -945 603 620 111 -252 -778 -841 561 -948 -387 -988 929 829 -568 -718 -667 -565 -417 -910 798 979 -688 106 -636 -495 -56 3 -503 362 -545 -150 -261 -301 115 -230 -836 -270 823 380 -653 695 -474 -512 -798 -507 -54 289 -7 647 -619 978 383 -77 -125 58 -640 818 96 637 919 -190 410 -556 -505 934 469 -835 -106 27 -245 -311 -27]
H [-48 943 498 995 546 126 89]
z [-1000 -987 -936 -898 -866 -852 -824 -802 -778 -772 -769 -768 -754 -750 -725 -659 -638 -635 -610 -608 -560 -559 -542 -527 -520 -509 -483 -459 -458 -453 -442 -414 -408 -403 -398 -321 -319 -281 -262 -257 -218 -206 -201 -188 -173 -141 -127 -112 -92 -59 -28 40 62 65 143 167 218 237 254 334 351 360 366 367 396 402 406 438 566 584 621 631 657 678 682 715 724 728 730 746 828 850 880 887 907 911 963 968 978]
K [334 -384 606 84 -308 484 -31 545 740 -330 -744 -558 158 -477 216 -133 407 -967 -489 380 -145 689 -972 -368 -239 -647 837 -75 -333 -536 -218 82 -38]
N [570 685 271 -196 -542 819 -418 480 -437 -550 -705 -81 505 -605 39 498 494 368 123 -386 59 -988 69 413 559 704 553 -991 654 -958 -281 497 -84 530 -97 659 763 -929 -208 397 -516 -825 -368 273 618 -741 575 -253 -478 677 26 661 390 758 887 42 -607 -598 -154 289 918 308 -149 985 487 -863 -455 -965 -640 -204 187 85 608 -869 -596 590 -245 655]
p [639 687 708 -961 221 6 -971 -660 54 885 -734 227 737 -802 603 620 -289 -331 505 -466 31 70 855 826 224 -94 495 286 723 183 950 -632 -434 -492 990 -889 802 941 -131 250 -623 -265 -543 742 -210 632 -511 663 724 -301 746 447 -496 133 630 506 -208 -3 443 -250 -59 -976 -911 -709 -638 122 -569 357 -202 -337 157 223 -944 83 -982 901 653 -834 149 128 720 -575 -555 349 -372 483 -243 784 -826 172 967 551 -497 18 -957 -657 450]
T [243 708 -862 493 266 -374 -797 -194 684 465 239 -602 -110 702 -135 -971 -130 -518 -153 139 -282 -499 783 303 -125 539 665 -749 -820 -417 897 737 -58 958 273 102 -431 -649 959 151 -81 -895 71 148 -999 367 -278 -653 -227 -697]
d [912 -841 -29 -586 856 276 593 -165 412 373 -88 572 -488 -906 823 -282 957 -882 -332 34 -718 -6 -825 -376 109 445 284 298 189 -431 -334 -973 -122 -414 -253 -644 881 -664 -751 177 -299 795 335 -92 -777 363 161 256 754 -700 779]
h [-432 -900 -132 -19 -699 -659 433 107 -794 858 -70 183 430 489 341 914 436 -967 -784 676 215 -267 -946 -262 132 278 -748 608 585 846 -916 -328 -343 -38 141]
j [859 -171 -601 -44 N 592 -927 992 -658 911 317 -709 382 731 482 -442 169 596 -677 -975]
R [-763 939 629 -655 -919 -905 G 708 -303 441 -691 -160 -734 -766 105 310 -61 994 338 -385 -676 -344 367 92 -956 -943 247 479 513 374 684 773 -502 412 -656 -52 -377 -133 -988 -632 -612 8 -193 -492 -620 -990 899 -846 -180 666 544 447 60 -230 -968 205 409 -3 501 273 -668 261 -21 794 873 674 -319 902 937 24 -87 212 456 131 -914 371 -469 -698 187 -372 -959 -118 41 -526 -75 662 -562 382 110 -106 312 -177 114 -856 -653 435]
J [K g -150 862 349 574 v 255 r -334 667 810 565 256 -193 l]
g [859 -515 -367 -961 -279 266 103 -979 -659 -724 -44 -537 592 -656 819 -583 -133 -518 -72 743 -713 986 -298 -347 -499 -786 -780 -568 -792 -729 968 -995 839 -140 739 -881 637 342 -629 41 550 -21 -719 335 -992 -524 -138 -998 21 254 -547 538 -513 -974]
V [-441]
E [-522 535 736 -134 -418 556 -61 863 603 -183 -33 -557 -676 97 672 214 247 479 29 -799 -675 988 158 -460 200 -67 707 -305 -36 -198 -620 881 -991 -351 554 165 -357 -721 899 949 -767 148 362 127 693 -355 545 -950 446 -967 380 512 -250 -66 781 -738 -172 552 953 -474 998 427 -795 -578 948 -55 -280 794 472 944 141 -815 -124 -553 -494 239 -110 -874 402 -559 333 -472 279 516 96 -969 56 543 94 110 -16 275]
o [D 193 302 q 850 -500 -236 173 T 394 837 114 -849 -345]
a [924 -547 -648 736]
B [875 -346 51 -244 685 -601 339 423 -537 -110 -717 149 983 613 581 -972 -447 471 847 187 81 732 683 -68 -550 30 -562 833 -328 -687 -92 378 867 254 599 645 656]
r [-132 886 -522 295 -961 691 787 -196 745 716 928 -770 619 76 311 -61 226 -119 727 -605 43 90 214 -876 -692 29 -696 670 -298 33 -434 717 178 -239 704 997 -265 -351 654 757 502 964 900 1000 -997 -318 380 836 -410 -6 -926 -431 -341 399 -872 -451 -917 -323 842 944 141 -54 -73 -175 136 318 -80 -894 -398 -559 613 -908 766 720 58 -609 85 919 -973 803 705 395 837 772 -869 523 -670 -758 -220 -177]
b [859 530 -522 236 -199 326 246 511 -130 -611 128 478 -863 -650 16 401 -67 -160 847 612 180 -673 -910 625 393 -118 -24 38 610 -752 -743 -321 -495 -442 866 -357 -224 -364 296 -932 256 486 -84 159]
e [D E -251 -316 323 835 V 577 -475 570 -104 -896 269 j]

> -125

> K

> no such key

> 174

> [-818 -470 -838 634 769 320 716 436 514 -965 272 818 739 48 850 -58 -926 37 -5 -388 -535 -804 -321 -448 -335 -731 291 -549 -369 486 996 830 43]

> index out of range

> no such key

> no such key

> nil

> D

> no such key

> saved as snapshot 3

> ok

> 548

> index out of range

> -744

> ok

> ok

> index out of range

> index out of range

> nil

> index out of range

> no such key

> 52

> no such key

> ok

> no such key

> no such key

> D, E, N, V, j

> 859

> index out of range

> nil

> no such key

> 430

> index out of range

> no such key

> ok

> -809

> -5

> ok

> ok

> 859

> ok

> no such snapshot

> ok

> index out of range

> index out of range

> no such key

> H

> no such key

> -61

> no such key

> -441

> index out of range

> saved as snapshot 4

> nil

> ok

> -1000

> index out of range

> no such key

> simple

> nil

> index out of range

> ok

> -432

> no such key

> ok

> -563

> index out of range

> no such key

> no such key

> -769

> -971

> -387

> nil

> 934

> index out of range

> j

> no such key

> no such key

> 639

> ok

> J

> 962

> index out of range

> ok

> no such key

> -987

> -597

> no such key

> -852

> -841

> G

> no such key

> 2673

> ok

> no such key

> J

> nil

> no such key

> ok

> -70

> no such key

> no such key

> no such key

> no such key

> ok

> ok

> -867

> no such key

> index out of range

> 4
3
2
1

> -665

> no such key

> ok

> 226

> no such key

> ok

> no such key

> ok

> saved as snapshot 5

> ok

> 5
3
2
1

> index out of range

> [D 193 302 q 850 -500 -236 173 T 394 837 114 -849 -345]

> nil

> -560

> -16

> not permitted

> -160

> no such key

> ok

> not permitted

> not permitted

> index out of range

> no such key

> ok

> 415

> 687

> ok

> 73

> o

> -971

> saved as snapshot 6

> -267

> not permitted

> -898

> 605

> ok

> G
s
k
U
f
M
n
m
Q
O
w
y
A
X
t
q
l
v
D
Z
Y
H
z
K
N
p
T
d
h
j
R
J
g
V
E
o
a
B
r
b
e

> nil

> 334

> index out of range

> [D -682 372 672 905 237 87 -544 981 j]

> not permitted

> index out of range

> no such key

> index out of range

> -384

> -906

> -975

> no such key

> -867

> -257

> -522

> ok

> ok

> -174

> G
s
k
U
f
M
n
m
Q
O
w
y
X
t
q
l
v
D
Z
Y
H
z
K
N
p
T
d
h
j
R
J
g
V
E
o
a
B
r
b
e

> no such key

> nil

> G
s
k
U
f
M
n
m
Q
O
w
y
X
t
q
l
v
D
Z
Y
H
z
K
N
p
T
d
h
j
R
J
g
V
E
o
a
B
r
b
e

> ok

> ok

> no such key

> 602

> no such key

> 243

> D, N, j

> -662

> -432

> no such key

> no such key

> ok

> G
s
k
U
f
M
n
m
O
w
y
X
t
q
l
v
D
Z
Y
H
z
K
N
p
T
d
h
j
R
J
g
V
E
o
a
B
r
b
e

> no such key

> no such key

> ok

> no such key

> -676

> simple

> -900

> 814

> 708

> ok

> 570

> U, X

> no such key

> 964

> no such key

> 914

> -971

> no such key

> no such key

> ok

> ok

> not permitted

> index out of range

> no such key

> no such snapshot

> ok

> BYE   clear database and exit
HELP  display this help message

LIST KEYS       displays all keys in current state
LIST ENTRIES    displays all entries in current state
LIST SNAPSHOTS  displays all snapshots in the database

GET <key>    displays entry values
DEL <key>    deletes entry from current state
PURGE <key>  deletes entry from current state and snapshots

SET <key> <value ...>     sets entry values
PUSH <key> <value ...>    pushes values to the front
APPEND <key> <value ...>  appends values to the back

PICK <key> <index>   displays value at index
PLUCK <key> <index>  displays and removes value at index
POP <key>            displays and removes the front value

DROP <id>      deletes snapshot
ROLLBACK <id>  restores to snapshot and deletes newer snapshots
CHECKOUT <id>  replaces current state with a copy of snapshot
SNAPSHOT       saves the current state as a snapshot

MIN <key>  displays minimum value
MAX <key>  displays maximum value
SUM <key>  displays sum of values
LEN <key>  displays number of values

REV <key>   reverses order of values (simple entry only)
UNIQ <key>  removes repeated adjacent values (simple entry only)
SORT <key>  sorts values in ascending order (simple entry only)

FORWARD <key> lists all the forward references of this key
BACKWARD <key> lists all the backward references of this key
TYPE <key> displays if the entry of this key is simple or general

> not permitted

> ok

> ok

> no such key

> index out of range

> saved as snapshot 7

> index out of range

> no such key

> nil

> nil

> 57

> no such key

> no such key

> no such key

> ok

> ok

> -807

> ok

> no such key

> nil

> ok

> no such key

> index out of range

> no such key

> 996

> -649

> no such key

> 570

> -132

> 639

> no such snapshot

> no such key

> 912

> no such key

> ok

> no such snapshot

> 850

> index out of range

> 726

> general

> -150

> no such key

> index out of range

> nil

> no such key

> index out of range

> 886

> no such snapshot

> 336

> ok

> ok

> 875

> 875

> ok

> 912

> no such key

> no such key

> no such key

> no such key

> no such key

> no such key

> no such key

> 946

> index out of range

> saved as snapshot 8

> g

> -635

> 859

> no such key

> J, i, l, z

> index out of range

> 8
7
1

> -93

> 345

> J, K, V, g, h, l, r, v

> no such key

> [875 -346 51 -244 685 -601 339 423 -537 -110 -717 149 983 613 581 -972 -447 471 847 187 81 732 683 -68 -550 30 -562 833 -328 -687 -92 378 867 254 599 645 656]

> not permitted

> 645

> no such key

> index out of range

> -535

> no such key

> U

> no such snapshot

> not permitted

> index out of range

> no such key

> ok

> 62

> index out of range

> no such key

> no such key

> 358

> ok

> no such key

> index out of range

> 236

> no such key

> r

> nil

> ok

> 905

> 247

> no such key

> 875

> ok

> L
x
S
s
i
G
k
U
f
M
n
m
O
w
y
X
t
q
l
v
D
Y
H
z
K
N
p
T
d
h
j
R
J
g
V
E
o
a
B
r
b
e

> nil

> 8
7
1

> no such key

> not permitted

> no such snapshot

> 14

> index out of range

> -339

> L [199 306 -815 -52 166 399 541 -278 -461]
x [-610 294 -348 835 140 V -315 767 -689 -141 390 s -582]
S [491 -409 419 -42 869 385 -85 -821 -70]
s [b 170 825 V -476 33 -743]
i [m -433 -171 424 -618 -646 45 -661 h -648 438]
G [-553 -597]
k [-588 N 606 424 w 75 537 -535]
U [-809 735 -1 634 -149 -110 409 47 X -665 319 -450 j 357 y -635 -114 652 179 277 U d -135 -725 v 113 350 520 757 146 -990 79 585 548 967 779]
f [861 77 -428 -956 826 -427 419 255 156 675 -599 960 -799 963 -610 -400 -859 -327 450 88 971 -684 547 303 -318 814 809 -747 346 -853 14 48 -775 -512 945 399 -253 -338 43 -989 438 -588 -33 -924 283 682 304 182 -106 488 201 924]
M [-462 465 121]
n [781 653 484 -856]
m [-81 -620 683 -935 593 -177 -220]
O [-180 -808 51 447 829 -125 539 -897 -172 820 -540 546 -505 174 620 -798 -304 -822 -677 275]
w [-699 526 -674 576 73 -62 -650 217 619 -510 688 187 822 218 934 959 -850 111 -419 939 -304 260 674]
y [891 309 g 712 -48 -914 415 -115 8 -733 -194 -516 -727]
X [473 -992 556 648 -99 a 296 975 -979 673 -640]
t [D -682 372 672 237 87 -544 981 j]
q [-841 -714 -342 769 653 212 429 -472 129 -897 -972 -465 -738 -169 588 825 -751 -507 -16 975 -608 -46 -716 367 -209]
l [-534 V h -563 -893 864]
v [687 858 -501 -134 -593 180 848 350 578 -703 179 -442 558 -627 116 -876 -843 255 -475 -645 638 -223 -927 123 364 -715 413 -954 414 -726 -620 785 259 46 846 -321 -224 -635 -210 597 693 53 126 769 -230 -570 476 -318 805 581 397 380 -6 198 560 268 -112 416 161 -337 -716 907 924 -981 860 -421 383 -914 -508 187 784 -76 662 352 -292 637]
D [-102 852 -99 854 -387 128 354 118 229 329 839 306 56 584 760 -915 -579 -328 -15 323 290 -736 408 855]
Y [n r -431 -381 -810 m 222 214 -268 -437 487 -762 711 647 -736 -374 -75 339 -883 -269 907]
H [636 r 306]
z [J 95 -440 -424 440 -348 -515 371 680 -340 -345 104 -824]
K [-38 82 -218 -536 -333 -75 837 -647 -239 -368 -972 689 -145 380 -489 -967 407 -133 216 -477 158 -558 -744 -330 740 545 -31 484 -308 84 606]
N [685 271 -196 -542 819 -418 480 -437 -550 -705 -81 505 -605 39 498 494 368 123 -386 59 -988 69 413 559 704 553 -991 654 -958 -281 497 -84 530 -97 659 763 -929 -208 397 -516 -825 -368 273 618 -741 575 -253 -478 677 26 661 390 758 887 42 -607 -598 -154 289 918 308 -149 985 487 -863 -455 -965 -640 -204 187 85 608 -869 -596 590 -245 655]
p [687 708 -961 221 6 -660 54 885 -734 227 737 -802 603 620 -289 -331 505 -466 31 70 855 826 224 -94 495 286 723 183 950 -632 -434 -492 990 -889 802 941 -131 250 -623 -265 -543 742 -210 632 -511 663 724 -301 746 447 -496 133 630 506 -208 -3 443 -250 -59 -976 -911 -709 -638 122 -569 357 -202 -337 157 223 -944 83 -982 901 653 -834 149 128 720 -575 -555 349 -372 483 -243 784 -826 172 967 551 -497 18 -957 -657 450]
T [-862 493 266 -374 -797 -194 684 465 239 -602 -110 702 -135 -971 -130 -518 -153 139 -282 -499 783 303 -125 539 665 -749 -820 -417 897 737 -58 958 273 102 -431 -649 959 151 -81 -895 71 148 -999 367 -278 -653 -227 -697]
d [-841 -29 -586 856 276 593 -165 412 373 -88 572 -488 823 -282 957 -882 -332 34 -718 -6 -825 -376 109 445 284 298 189 -431 -334 -973 -122 -414 -253 -644 881 -664 -751 177 -299 795 335 -92 -777 363 161 256 754 -700 779]
h [-132 -19 -699 -659 433 107 -794 858 -70 183 430 489 341 436 -967 -784 676 215 -267 -946 -262 132 278 -748 608 585 846 -916 -328 -343 -38 141]
j [859 -171 -601 -44 N 592 -927 992 -658 911 317 -709 382 731 482 -442 169 596 -677]
R [-763 939 629 -655 -919 -905 G 708 -303 441 -691 -160 -734 -766 105 310 -61 994 338 -385 -676 -344 367 92 -956 -943 247 479 513 374 684 773 -502 412 -656 -52 -377 -133 -988 -632 -612 8 -193 -492 -620 -990 899 -846 -180 666 544 447 60 -230 -968 205 409 -3 501 273 -668 261 -21 794 873 674 -319 902 937 24 -87 212 456 131 -914 371 -469 -698 187 -372 -959 -118 41 -526 -75 662 -562 382 110 -106 312 -177 114 -856 -653 435]
J [K g 862 349 574 v 255 r -334 667 810 565 256 -193 l]
g [859 -515 -367 -961 -279 266 103 -979 -659 -724 -44 -537 592 -656 819 -583 -133 -518 -72 743 -713 986 -298 -347 -499 -786 -780 -568 -792 -729 968 -995 839 -140 739 -881 637 342 -629 41 550 -21 -719 335 -992 -524 -138 -998 21 254 -547 538 -513 -974]
V [-13 -441]
E [-537 346 -833 775 529 -656 660 -903 577 603 234 439 -753]
o [D 193 302 q -500 -236 173 T 394 837 114 -849 -345]
a [924 -547 -648 736]
B [-638 453 -421 62 80 -493 487 t 144 -107 -147]
r [-522 295 -961 691 787 -196 745 716 928 -770 619 76 311 -61 226 -119 727 -605 43 90 214 -876 -692 29 -696 670 -298 33 -434 717 178 -239 704 997 -265 -351 654 757 502 964 900 1000 -997 -318 380 836 -410 -6 -926 -431 -341 399 -872 -451 -917 -323 842 944 141 -54 -73 -175 136 318 -80 -894 -398 -559 613 -908 766 720 58 -609 85 919 -973 803 705 395 837 772 -869 523 -670 -758 -220 -177]
b [-521]
e [-640 -437 -977 -374 -469]

> Y, i

> ok

> J

> 541

> no such key

> ok

> ok

> ok

> no such key

> Y

> saved as snapshot 9

> ok

> 859

> -521

> ok

> -518

> BYE   clear database and exit
HELP  display this help message

LIST KEYS       displays all keys in current state
LIST ENTRIES    displays all entries in current state
LIST SNAPSHOTS  displays all snapshots in the database

GET <key>    displays entry values
DEL <key>    deletes entry from current state
PURGE <key>  deletes entry from current state and snapshots

SET <key> <value ...>     sets entry values
PUSH <key> <value ...>    pushes values to the front
APPEND <key> <value ...>  appends values to the back

PICK <key> <index>   displays value at index
PLUCK <key> <index>  displays and removes value at index
POP <key>            displays and removes the front value

DROP <id>      deletes snapshot
ROLLBACK <id>  restores to snapshot and deletes newer snapshots
CHECKOUT <id>  replaces current state with a copy of snapshot
SNAPSHOT       saves the current state as a snapshot

MIN <key>  displays minimum value
MAX <key>  displays maximum value
SUM <key>  displays sum of values
LEN <key>  displays number of values

REV <key>   reverses order of values (simple entry only)
UNIQ <key>  removes repeated adjacent values (simple entry only)
SORT <key>  sorts values in ascending order (simple entry only)

FORWARD <key> lists all the forward references of this key
BACKWARD <key> lists all the backward references of this key
TYPE <key> displays if the entry of this key is simple or general

> no such key

> r

> [-553 -597]

> 166

> index out of range

> ok

> T

> ok

> ok

> no such key

> index out of range

> no such key

> -537

> D, N, j

> -593

> 473

> -841

> -727

> bye
