> not permitted

> not permitted

> not permitted

> not permitted

> bye
