> ok

> ok

> ok

> ok

> ok

> ok

> ok

> nil

> a

> a, b

> a, b, c, e

> nil

> b, c, d

> c, d

> d

> nil

> d

> e [5]
d [c b a 4 e]
c [b 3]
b [a 2]
a [1]

> 1

> 2

> 3

> 8

> 1

> ok

> ok

> ok

> ok

> e [5 55]
d [c b a 4 e]
c [b 3 4]
b [0 -1 a 2]
a [1 2 3 1]

> 4

> 7

> 9

> 23

> 2

> bye
