> ok

> ok

> ok

> a

> nil

> a

> b

> nil

> a

> nil

> nil

> nil

> nil

> bye
