> ok

> simple

> 1

> simple

> ok

> general

> a

> simple

> [1]

> ok

> general

> 1

> general

> [a]

> a

> simple

> bye
