> ok

> ok

> 1

> 2

> ok

> 3

> ok

> ok

> 5

> ok

> 10

> c [3]
b [c 2 5]
a [b 1]

> bye
