> ok

> ok

> ok

> ok

> nil

> a

> a

> a, b, c

> b, c, d

> d

> d

> nil

> 6

> 7

> 8

> 15

> 3

> 4

> 4

> 8

> bye
