> ok

> [1 2 3 4 5 6]

> ok

> [6 5 4 3 2 1]

> ok

> [-2 -3 -4 0 1 3]

> ok

> [3 1 0 -4 -3 -2]

> ok

> ok

> [1]

> 1

> []

> bye
