> ok

> index out of range

> index out of range

> index out of range

> 1

> [2 3 4 5]

> index out of range

> 5

> [2 3 4]

> 4

> [2 3]

> 2

> 3

> []

> index out of range

> index out of range

> index out of range

> bye
