> ok

> ok

> saved as snapshot 1

> 1

> saved as snapshot 2

> ok

> saved as snapshot 3

> ok

> saved as snapshot 4

> ok

> b [a 2]
a [1]

> ok

> b [a 2]
a []

> nil

> a

> b

> nil

> 0

> 2

> 0

> 1

> ok

> a []

> 0

> 0

> nil

> no such key

> ok

> no entries

> bye
