> ok

> saved as snapshot 1

> ok

> saved as snapshot 2

> ok

> saved as snapshot 3

> ok

> a [4]

> 3
2
1

> ok

> [1]

> ok

> [5]

> ok

> [2]

> ok

> [5]

> ok

> [3]

> ok

> [5]

> ok

> [1]

> ok

> [2]

> ok

> [3]

> bye
