> ok

> ok

> ok

> ok

> 1

> 2

> 5

> 4

> bye
