> ok

> 10

> 10

> 0

> ok

> -3

> ok

> 2

> ok

> 1

> bye
