> ok

> ok

> ok

> c [b 7 8 9]
b [a 4 5 6]
a [1 2 3]

> bye
