> ok

> [11 22 33 44]

> 11

> [22 33 44]

> 22

> [33 44]

> 33

> [44]

> 44

> []

> nil

> []

> bye
