> no snapshots

> no such snapshot

> saved as snapshot 1

> ok

> no snapshots

> no such snapshot

> bye
