> ok

> ok

> ok

> ok

> nil

> a, c

> nil

> b

> nil

> b

> bye
