> ok

> ok

> ok

> saved as snapshot 1

> c [3]
b [2]
a [1]

> ok

> ok

> c [3]

> saved as snapshot 2

> ok

> ok

> saved as snapshot 3

> b [5]
a [4]
c [3]

> ok

> c [3]
b [2]
a [1]

> ok

> ok

> ok

> no entries

> ok

> c [3]

> ok

> no entries

> ok

> b [5]
a [4]
c [3]

> ok

> ok

> ok

> no entries

> ok

> c [3]
b [2]
a [1]

> ok

> c [3]

> ok

> b [5]
a [4]
c [3]

> bye
