> ok

> ok

> ok

> ok

> ok

> ok

> f [6]
e [5]
d [4]
c [3]
b [2]
a [1]

> ok

> ok

> e [5]
d [4]
c [3]
b [2]

> ok

> ok

> e [5]
b [2]

> ok

> ok

> ok

> g [7]

> bye
