> ok

> saved as snapshot 1

> ok

> saved as snapshot 2

> ok

> saved as snapshot 3

> ok

> saved as snapshot 4

> ok

> saved as snapshot 5

> 5
4
3
2
1

> ok

> 5
4
2
1

> ok

> ok

> 4
2

> ok

> ok

> no snapshots

> no such snapshot

> e [5]
d [4]
c [3]
b [2]
a [1]

> ok

> saved as snapshot 6

> 6

> ok

> ok

> saved as snapshot 7

> ok

> g [7]
f [6]
e [5]
d [4]
c [3]
b [2]
a [1]

> bye
