> ok

> ok

> ok

> ok

> ok

> ok

> ok

> ok

> ok

> ok

> ok

> ok

> ok

> ok

> ok

> ok

> ok

> ok

> ok

> ok

> 262144

> bye
