> ok

> ok

> ok

> ok

> 100

> 300

> 600

> 1800

> bye
