> no such key

> no such key

> ok

> [1 2 3]

> ok

> a [0 1 2 3]

> ok

> a [-1 0 1 2 3]

> ok

> [-3 -2 -1 0 1 2 3]

> bye
