> ok

> saved as snapshot 1

> ok

> no entries

> ok

> no entries

> bye
