> not permitted

> ok

> not permitted

> no such key

> a [1 2 3]

> bye
