> no such key

> ok

> [11 11 23 11 11 0 1 1]

> ok

> [11 23 11 0 1]

> ok

> no such key

> bye
