> ok

> ok

> a

> b [a]
a [1]

> nil

> a

> b

> nil

> bye
