> no such key

> ok

> 3

> ok

> 3

> 6

> ok

> 9

> ok

> 6

> 12

> b [9 8 7 a 4 5 6]
a [0 -1 -2 1 2 3]

> bye
