> ok

> [-10 -3 0 -9 15 32 79 18 3]

> ok

> aaaa [-10 -9 -3 0 3 15 18 32 79]

> bye
